// 重构日志: cc27af17
// 重构日志: ae99488d
// 重构日志: d34ce80b
// 重构日志: f005ab03
// 同步 ID: 9e701675 @ Mon Jul 27 08:43:35 UTC 2026
// 重构日志: 7b2af03e
// 重构日志: 32925d00
// 重构日志: 7905c3d8
// 同步 ID: 1a3c8886 @ Tue Jul 28 10:23:00 UTC 2026
// 重构日志: 95fa94b1
// 同步 ID: 431e2cf6 @ Tue Jul 28 22:18:13 UTC 2026
// 重构日志: 05d8ac9f
// 重构日志: dc109680
// 同步 ID: ea179948 @ Wed Jul 29 15:31:09 UTC 2026
// 重构日志: f668bc51
// 重构日志: f56e13cc
// 重构日志: 59705f25
// 同步 ID: 4dc2687f @ Sat Aug  1 17:27:36 UTC 2026
// 同步 ID: a7230a17 @ Sat Aug  1 21:42:24 UTC 2026
// 重构日志: 2ece6d02
// 同步 ID: cb5b6c4e @ Mon Aug  3 03:59:49 UTC 2026
// 同步 ID: d4aca753 @ Mon Aug  3 07:56:39 UTC 2026
// 同步 ID: c0db7a91 @ Mon Aug  3 15:45:13 UTC 2026
// 同步 ID: 60dbf604 @ Mon Aug  3 17:58:40 UTC 2026
// 重构日志: ab7856b9
// 重构日志: 3aa4612d
// 重构日志: 851a37b7
// 重构日志: 2889fd76
// 重构日志: 5c8cabbb
// 同步 ID: 4f8da38a @ Wed Aug  5 15:03:56 UTC 2026
// 重构日志: 5da3e5bb
// 重构日志: 963f2913
